============================= test session starts =============================
platform win32 -- Python 3.11.1, pytest-8.3.4, pluggy-1.5.0 -- C:\Users\Sivaram\PycharmProjects\Automation_Proj\venv\Scripts\python.exe
cachedir: .pytest_cache
rootdir: C:\Users\Sivaram\PycharmProjects\Automation_Proj
collecting ... collected 19 items

test_launch_url.py::Test_Launch_Application::test_lauch_app[h] FAILED    [  5%]
test_launch_url.py::Test_Launch_Application::test_lauch_app[t0] FAILED   [ 10%]
test_launch_url.py::Test_Launch_Application::test_lauch_app[t1] FAILED   [ 15%]
